Tokens:
ID:aut [1, 1]
LBRACKET:[ [1, 4]
AUTO:auto [1, 5]
RBRACKET:] [1, 9]
ID:autobreak [1, 10]
LPAREN:( [1, 19]
ID:bre [1, 20]
RPAREN:) [1, 23]
BREAK:break [1, 24]
LCURLY:{ [1, 29]
ID:breakcase [1, 30]
RCURLY:} [1, 39]
ID:cas [1, 40]
DOT:. [1, 43]
CASE:case [1, 44]
ARROW:-> [1, 48]
ID:casechar [1, 50]
POSTINC:++ [1, 58]
ID:cha [1, 60]
POSTDEC:-- [1, 63]
CHAR:char [1, 65]
AMPERSAND:& [1, 69]
ID:charconst [1, 70]
STAR:* [1, 79]
ID:cons [1, 80]
CROSS:+ [1, 84]
CONST:const [1, 85]
DASH:- [1, 90]
ID:constcontinue [1, 91]
TILDA:~ [1, 104]
ID:continu [1, 105]
NOT:! [1, 112]
CONTINUE:continue [1, 113]
SLASH:/ [1, 121]
ID:continuedefault [1, 122]
PERCENT:% [1, 137]
ID:defaul [1, 138]
LSHIFT:<< [1, 144]
DEFAULT:default [1, 146]
RSHIFT:>> [1, 153]
ID:defaultdo [1, 155]
LESS:< [1, 164]
ID:d [1, 165]
GREATER:> [1, 166]
DO:do [1, 167]
LESSEQ:<= [1, 169]
ID:dodouble [1, 171]
GREATEREQ:>= [1, 179]
ID:doubl [1, 181]
EQUALS:== [1, 186]
DOUBLE:double [1, 188]
NOTEQUALS:!= [1, 194]
ID:doubleelse [1, 196]
CARET:^ [1, 206]
ID:els [1, 207]
PIPE:| [1, 210]
ELSE:else [1, 211]
AND:&& [1, 215]
ID:elseenum [1, 217]
OR:|| [1, 225]
ID:enu [1, 227]
QUESTION_MARK:? [1, 230]
ID:enumextern [1, 231]
COLON:: [1, 241]
ID:exter [1, 242]
SEMICOL:; [1, 247]
ID:externfloat [1, 248]
ELLIPSES:... [1, 259]
ID:floa [1, 262]
ASSIGN:= [1, 266]
FLOAT:float [1, 267]
STAR_ASSIGN:*= [1, 272]
ID:floatfor [1, 274]
SLASH_ASSIGN:/= [1, 282]
ID:fo [1, 284]
PERCENT_ASSIGN:%= [1, 286]
FOR:for [1, 288]
CROSS_ASSIGN:+= [1, 291]
ID:forgoto [1, 293]
DASH_ASSIGN:-= [1, 300]
ID:got [1, 302]
LSHIFT_ASSIGN:<<= [1, 305]
GOTO:goto [1, 308]
RSHIFT_ASSIGN:>>= [1, 312]
ID:gotoif [1, 315]
AMPERSAND_ASSIGN:&= [1, 321]
ID:i [1, 323]
CARET_ASSING:^= [1, 324]
IF:if [1, 326]
PIPE_ASSIGN:|= [1, 328]
ID:ifinline [1, 330]
COMMA:, [1, 338]
ID:inlin [1, 339]
WHITESPACE:  [1, 344]
INLINE:inline [1, 345]
WHITESPACE:	 [1, 351]
ID:inlineint [1, 352]
WHITESPACE:
 [1, 361]
ID:in [2, 1]
UNDEFINED_TOKEN_ERROR:$ [2, 3]
INT:int [2, 4]
CHARLITERAL:'a' [2, 7]
ID:intlong [2, 10]
CHARLITERAL:'b' [2, 17]
ID:lon [2, 20]
CHARLITERAL:'c' [2, 23]
LONG:long [2, 26]
CHARLITERAL:'d' [2, 30]
ID:longregister [2, 33]
CHARLITERAL:'e' [2, 45]
ID:registe [2, 48]
CHARLITERAL:'f' [2, 55]
REGISTER:register [2, 58]
CHARLITERAL:'g' [2, 66]
ID:registerrestrict [2, 69]
CHARLITERAL:'h' [2, 85]
RESTRICT:restrict [2, 88]
CHARLITERAL:'i' [2, 96]
ID:restric [2, 99]
CHARLITERAL:'j' [2, 106]
ID:restrictreturn [2, 109]
CHARLITERAL:'k' [2, 123]
ID:retur [2, 126]
CHARLITERAL:'l' [2, 131]
RETURN:return [2, 134]
CHARLITERAL:'m' [2, 140]
ID:returnshort [2, 143]
CHARLITERAL:'n' [2, 154]
ID:shor [2, 157]
CHARLITERAL:'o' [2, 161]
SHORT:short [2, 164]
CHARLITERAL:'p' [2, 169]
ID:shortsigned [2, 172]
CHARLITERAL:'q' [2, 183]
ID:signe [2, 186]
CHARLITERAL:'r' [2, 191]
SIGNED:signed [2, 194]
CHARLITERAL:'s' [2, 200]
ID:signedsizeof [2, 203]
CHARLITERAL:'t' [2, 215]
ID:sizeo [2, 218]
CHARLITERAL:'u' [2, 223]
SIZEOF:sizeof [2, 226]
CHARLITERAL:'v' [2, 232]
ID:sizeofstatic [2, 235]
CHARLITERAL:'w' [2, 247]
ID:stati [2, 250]
CHARLITERAL:'x' [2, 255]
STATIC:static [2, 258]
CHARLITERAL:'y' [2, 264]
ID:staticstruct [2, 267]
CHARLITERAL:'z' [2, 279]
ID:struc [2, 282]
CHARLITERAL:'A' [2, 287]
STRUCT:struct [2, 290]
CHARLITERAL:'B' [2, 296]
ID:structswitch [2, 299]
CHARLITERAL:'C' [2, 311]
ID:switc [2, 314]
CHARLITERAL:'D' [2, 319]
SWITCH:switch [2, 322]
CHARLITERAL:'E' [2, 328]
ID:switchtypedef [2, 331]
CHARLITERAL:'F' [2, 344]
ID:typede [2, 347]
CHARLITERAL:'G' [2, 353]
TYPEDEF:typedef [2, 356]
CHARLITERAL:'H' [2, 363]
ID:typedefunion [2, 366]
CHARLITERAL:'I' [2, 378]
ID:unio [2, 381]
CHARLITERAL:'J' [2, 385]
UNION:union [2, 388]
CHARLITERAL:'K' [2, 393]
ID:unionunsigned [2, 396]
CHARLITERAL:'L' [2, 409]
ID:unsigne [2, 412]
CHARLITERAL:'M' [2, 419]
UNSIGNED:unsigned [2, 422]
CHARLITERAL:'N' [2, 430]
ID:unsignedvoid [2, 433]
CHARLITERAL:'O' [2, 445]
ID:voi [2, 448]
CHARLITERAL:'P' [2, 451]
VOID:void [2, 454]
CHARLITERAL:'Q' [2, 458]
ID:voidvolatile [2, 461]
CHARLITERAL:'R' [2, 473]
ID:volatil [2, 476]
CHARLITERAL:'S' [2, 483]
VOLATILE:volatile [2, 486]
CHARLITERAL:'T' [2, 494]
ID:volatilewhile [2, 497]
CHARLITERAL:'U' [2, 510]
ID:whil [2, 513]
CHARLITERAL:'V' [2, 517]
WHILE:while [2, 520]
CHARLITERAL:'W' [2, 525]
ID:while_Alignas [2, 528]
CHARLITERAL:'X' [2, 541]
ID:_Aligna [2, 544]
CHARLITERAL:'Y' [2, 551]
ALIGNAS:_Alignas [2, 554]
CHARLITERAL:'Z' [2, 562]
ID:_Alignas_Alignof [2, 565]
CHARLITERAL:'0' [2, 581]
ID:_Aligno [2, 584]
CHARLITERAL:'1' [2, 591]
ALIGNOF:_Alignof [2, 594]
CHARLITERAL:'2' [2, 602]
ID:_Alignof_Atomic [2, 605]
CHARLITERAL:'3' [2, 620]
ID:_Atomi [2, 623]
CHARLITERAL:'4' [2, 629]
ATOMIC:_Atomic [2, 632]
CHARLITERAL:'5' [2, 639]
ID:_Atomic_Bool [2, 642]
CHARLITERAL:'6' [2, 654]
ID:_Boo [2, 657]
CHARLITERAL:'7' [2, 661]
BOOL:_Bool [2, 664]
CHARLITERAL:'8' [2, 669]
ID:_Bool_Complex [2, 672]
CHARLITERAL:'9' [2, 685]
ID:_Comple [2, 688]
CHARLITERAL:' ' [2, 695]
COMPLEX:_Complex [2, 698]
CHARLITERAL:'!' [2, 706]
ID:_Complex_Generic [2, 709]
CHARLITERAL:'"' [2, 725]
ID:_Generi [2, 728]
CHARLITERAL:'#' [2, 735]
GENERIC:_Generic [2, 738]
CHARLITERAL:'$' [2, 746]
ID:_Generic_Imaginary [2, 749]
CHARLITERAL:'%' [2, 767]
IMAGINARY:_Imaginary [2, 770]
CHARLITERAL:'&' [2, 780]
ID:_Imaginary_Noreturn [2, 783]
UNTERMINATED_SINGLE_QUOTE_ERROR:' [2, 802]
UNTERMINATED_SINGLE_QUOTE_ERROR:' [2, 803]
UNTERMINATED_SINGLE_QUOTE_ERROR:' [2, 804]
ID:_Imaginar [2, 805]
CHARLITERAL:'(' [2, 814]
IMAGINARY:_Imaginary [2, 817]
CHARLITERAL:')' [2, 827]
ID:_Imaginary_Noreturn [2, 830]
CHARLITERAL:'*' [2, 849]
ID:_Noretur [2, 852]
CHARLITERAL:'+' [2, 860]
NORETURN:_Noreturn [2, 863]
CHARLITERAL:',' [2, 872]
ID:_Noreturn_Static_assert [2, 875]
CHARLITERAL:'-' [2, 898]
THREADLOCAL:_Thread_local [2, 901]
CHARLITERAL:'.' [2, 914]
ID:_Thread_localauto [2, 917]
CHARLITERAL:'/' [2, 934]
ID:auto1 [2, 937]
CHARLITERAL:'[' [2, 942]
ID:break2 [2, 945]
CHARLITERAL:']' [2, 951]
ID:case3 [2, 954]
CHARLITERAL:'^' [2, 959]
ID:char4 [2, 962]
CHARLITERAL:'-' [2, 967]
ID:const5 [2, 970]
CHARLITERAL:'`' [2, 976]
ID:continue6 [2, 979]
CHARLITERAL:'{' [2, 988]
ID:default7 [2, 991]
CHARLITERAL:'|' [2, 999]
ID:do8 [2, 1002]
CHARLITERAL:'}' [2, 1005]
ID:double9 [2, 1008]
CHARLITERAL:'~' [2, 1015]
ID:else0 [2, 1018]
UNTERMINATED_SINGLE_QUOTE_ERROR:' [2, 1023]
UNTERMINATED_SINGLE_QUOTE_ERROR:' [2, 1024]
ID:enum10 [2, 1025]
UNTERMINATED_SINGLE_QUOTE_ERROR:' [2, 1031]
ID:aa [2, 1032]
UNTERMINATED_SINGLE_QUOTE_ERROR:' [2, 1034]
ID:extern11 [2, 1035]
UNTERMINATED_SINGLE_QUOTE_ERROR:' [2, 1043]
WHITESPACE:
 [2, 1044]
UNTERMINATED_SINGLE_QUOTE_ERROR:' [3, 1]
ID:float12 [3, 2]
CHARLITERAL:'\'' [3, 9]
ID:for13 [3, 13]
CHARLITERAL:'\?' [3, 18]
ID:goto14 [3, 22]
CHARLITERAL:'\\' [3, 28]
ID:if15 [3, 32]
CHARLITERAL:'\a' [3, 36]
ID:inline16 [3, 40]
CHARLITERAL:'\b' [3, 48]
ID:int17 [3, 52]
CHARLITERAL:'\f' [3, 57]
ID:long18 [3, 61]
CHARLITERAL:'\n' [3, 67]
ID:register19 [3, 71]
CHARLITERAL:'\r' [3, 81]
ID:restrict20 [3, 85]
CHARLITERAL:'\t' [3, 95]
ID:return21 [3, 99]
CHARLITERAL:'\v' [3, 107]
ID:short22 [3, 111]
BAD_ESCAPE_ERROR:'\c' [3, 118]
ID:signed23 [3, 122]
BAD_ESCAPE_ERROR:'\d' [3, 130]
ID:sizeof24 [3, 134]
BAD_ESCAPE_ERROR:'\e' [3, 142]
ID:static25 [3, 146]
BAD_ESCAPE_ERROR:'\g' [3, 154]
ID:struct26 [3, 158]
BAD_ESCAPE_ERROR:'\h' [3, 166]
ID:switch27 [3, 170]
BAD_ESCAPE_ERROR:'\i' [3, 178]
ID:typedef28 [3, 182]
BAD_ESCAPE_ERROR:'\j' [3, 191]
ID:union29 [3, 195]
BAD_ESCAPE_ERROR:'\k' [3, 202]
ID:unsigned30 [3, 206]
BAD_ESCAPE_ERROR:'\l' [3, 216]
ID:void31 [3, 220]
BAD_ESCAPE_ERROR:'\m' [3, 226]
ID:volatile32 [3, 230]
BAD_ESCAPE_ERROR:'\o' [3, 240]
ID:while33 [3, 244]
BAD_ESCAPE_ERROR:'\p' [3, 251]
ID:_Alignas34 [3, 255]
BAD_ESCAPE_ERROR:'\q' [3, 265]
ALIGNOF:_Alignof [3, 269]
BAD_ESCAPE_ERROR:'\s' [3, 277]
ATOMIC:_Atomic [3, 281]
BAD_ESCAPE_ERROR:'\u' [3, 288]
BOOL:_Bool [3, 292]
BAD_ESCAPE_ERROR:'\w' [3, 297]
COMPLEX:_Complex [3, 301]
BAD_ESCAPE_ERROR:'\x' [3, 309]
GENERIC:_Generic [3, 313]
BAD_ESCAPE_ERROR:'\y' [3, 321]
IMAGINARY:_Imaginary [3, 325]
BAD_ESCAPE_ERROR:'\z' [3, 335]
NORETURN:_Noreturn [3, 339]
BAD_ESCAPE_ERROR:'\A' [3, 348]
STATICASSERT:_Static_assert [3, 352]
BAD_ESCAPE_ERROR:'\B' [3, 366]
THREADLOCAL:_Thread_local [3, 370]
BAD_ESCAPE_ERROR:'\C' [3, 383]
INTLITERAL:0 [3, 387]
BAD_ESCAPE_ERROR:'\D' [3, 388]
INTLITERAL:1 [3, 392]
BAD_ESCAPE_ERROR:'\E' [3, 393]
INTLITERAL:2 [3, 397]
BAD_ESCAPE_ERROR:'\F' [3, 398]
INTLITERAL:3 [3, 402]
BAD_ESCAPE_ERROR:'\G' [3, 403]
INTLITERAL:4 [3, 407]
BAD_ESCAPE_ERROR:'\H' [3, 408]
INTLITERAL:5 [3, 412]
BAD_ESCAPE_ERROR:'\I' [3, 413]
INTLITERAL:6 [3, 417]
BAD_ESCAPE_ERROR:'\J' [3, 418]
INTLITERAL:7 [3, 422]
BAD_ESCAPE_ERROR:'\K' [3, 423]
INTLITERAL:8 [3, 427]
BAD_ESCAPE_ERROR:'\L' [3, 428]
INTLITERAL:9 [3, 432]
BAD_ESCAPE_ERROR:'\M' [3, 433]
INTLITERAL:0 [3, 437]
INTLITERAL:1 [3, 438]
BAD_ESCAPE_ERROR:'\O' [3, 439]
INTLITERAL:1234567890 [3, 443]
BAD_ESCAPE_ERROR:'\P' [3, 453]
FLOATLITERAL:0123456789.0123456789 [3, 457]
BAD_ESCAPE_ERROR:'\Q' [3, 478]
FLOATLITERAL:0123456789. [3, 482]
BAD_ESCAPE_ERROR:'\R' [3, 493]
FLOATLITERAL:.0123456789 [3, 497]
BAD_ESCAPE_ERROR:'\S' [3, 508]
DOT:. [3, 512]
BAD_ESCAPE_ERROR:'\T' [3, 513]
ID:abc [3, 517]
DOT:. [3, 520]
BAD_ESCAPE_ERROR:'\U' [3, 521]
DOT:. [3, 525]
ID:abc [3, 526]
BAD_ESCAPE_ERROR:'\V' [3, 529]
ID:abc [3, 533]
DOT:. [3, 536]
ID:def [3, 537]
BAD_ESCAPE_ERROR:'\W' [3, 540]
ID:abc123 [3, 544]
DOT:. [3, 550]
BAD_ESCAPE_ERROR:'\X' [3, 551]
FLOATLITERAL:.123 [3, 555]
ID:abc [3, 559]
BAD_ESCAPE_ERROR:'\Y' [3, 562]
INTLITERAL:123 [3, 566]
ID:abc [3, 569]
FLOATLITERAL:.123 [3, 572]
ID:abc [3, 576]
BAD_ESCAPE_ERROR:'\Z' [3, 579]
ID:abc123 [3, 583]
FLOATLITERAL:.123 [3, 589]
ID:abc [3, 593]
BAD_ESCAPE_ERROR:'\ ' [3, 596]
ID:abc123 [3, 600]
DOT:. [3, 606]
ID:abc123 [3, 607]
BAD_ESCAPE_ERROR:'\!' [3, 613]
DOT:. [3, 617]
DOT:. [3, 618]
CHARLITERAL:'\"' [3, 619]
FLOATLITERAL:123. [3, 623]
FLOATLITERAL:.123 [3, 627]
BAD_ESCAPE_ERROR:'\#' [3, 631]
DOT:. [3, 635]
FLOATLITERAL:.123 [3, 636]
BAD_ESCAPE_ERROR:'\$' [3, 640]
FLOATLITERAL:123. [3, 644]
DOT:. [3, 648]
BAD_ESCAPE_ERROR:'\%' [3, 649]
FLOATLITERAL:123. [3, 653]
FLOATLITERAL:.123 [3, 657]
BAD_ESCAPE_ERROR:'\&' [3, 661]
ELLIPSES:... [3, 665]
CHARLITERAL:'\'' [3, 668]
ELLIPSES:... [3, 672]
INTLITERAL:123 [3, 675]
BAD_ESCAPE_ERROR:'\(' [3, 678]
FLOATLITERAL:123. [3, 682]
DOT:. [3, 686]
DOT:. [3, 687]
BAD_ESCAPE_ERROR:'\)' [3, 688]
FLOATLITERAL:123. [3, 692]
DOT:. [3, 696]
FLOATLITERAL:.123 [3, 697]
BAD_ESCAPE_ERROR:'\*' [3, 701]
ELLIPSES:... [3, 705]
DOT:. [3, 708]
BAD_ESCAPE_ERROR:'\+' [3, 709]
FLOATLITERAL:123. [3, 713]
ELLIPSES:... [3, 717]
BAD_ESCAPE_ERROR:'\,' [3, 720]
ELLIPSES:... [3, 724]
FLOATLITERAL:.123 [3, 727]
BAD_ESCAPE_ERROR:'\-' [3, 731]
FLOATLITERAL:123. [3, 735]
ELLIPSES:... [3, 739]
INTLITERAL:123 [3, 742]
BAD_ESCAPE_ERROR:'\.' [3, 745]
DASH:- [3, 749]
BAD_ESCAPE_ERROR:'\/' [3, 750]
INTLITERAL:0 [3, 754]
ID:abc [3, 755]
BAD_ESCAPE_ERROR:'\1' [3, 758]
INTLITERAL:1 [3, 762]
ID:abc [3, 763]
BAD_ESCAPE_ERROR:'\2' [3, 766]
INTLITERAL:2 [3, 770]
ID:abc [3, 771]
BAD_ESCAPE_ERROR:'\3' [3, 774]
INTLITERAL:3 [3, 778]
ID:abc [3, 779]
BAD_ESCAPE_ERROR:'\4' [3, 782]
INTLITERAL:4 [3, 786]
ID:abc [3, 787]
BAD_ESCAPE_ERROR:'\5' [3, 790]
INTLITERAL:5 [3, 794]
ID:abc [3, 795]
BAD_ESCAPE_ERROR:'\6' [3, 798]
INTLITERAL:6 [3, 802]
ID:abc [3, 803]
BAD_ESCAPE_ERROR:'\7' [3, 806]
INTLITERAL:7 [3, 810]
ID:abc [3, 811]
BAD_ESCAPE_ERROR:'\8' [3, 814]
INTLITERAL:8 [3, 818]
ID:abc [3, 819]
BAD_ESCAPE_ERROR:'\9' [3, 822]
INTLITERAL:9 [3, 826]
ID:abc [3, 827]
BAD_ESCAPE_ERROR:'\:' [3, 830]
INTLITERAL:1234567890 [3, 834]
ID:a [3, 844]
BAD_ESCAPE_ERROR:'\;' [3, 845]
ARROW:-> [3, 849]
POSTDEC:-- [3, 851]
GREATER:> [3, 853]
POSTDEC:-- [3, 854]
ARROW:-> [3, 856]
POSTDEC:-- [3, 858]
POSTDEC:-- [3, 860]
GREATER:> [3, 862]
POSTDEC:-- [3, 863]
POSTDEC:-- [3, 865]
ARROW:-> [3, 867]
BAD_ESCAPE_ERROR:'\<' [3, 869]
ARROW:-> [3, 873]
ARROW:-> [3, 875]
GREATER:> [3, 877]
ARROW:-> [3, 878]
RSHIFT:>> [3, 880]
ARROW:-> [3, 882]
RSHIFT:>> [3, 884]
GREATER:> [3, 886]
ARROW:-> [3, 887]
RSHIFT:>> [3, 889]
GREATER:> [3, 891]
BAD_ESCAPE_ERROR:'\=' [3, 892]
ARROW:-> [3, 896]
RSHIFT:>> [3, 898]
RSHIFT_ASSIGN:>>= [3, 900]
ARROW:-> [3, 903]
RSHIFT:>> [3, 905]
GREATEREQ:>= [3, 907]
GREATER:> [3, 909]
ARROW:-> [3, 910]
RSHIFT_ASSIGN:>>= [3, 912]
RSHIFT:>> [3, 915]
ARROW:-> [3, 917]
GREATEREQ:>= [3, 919]
RSHIFT:>> [3, 921]
GREATER:> [3, 923]
ARROW:-> [3, 924]
ASSIGN:= [3, 926]
RSHIFT:>> [3, 927]
RSHIFT:>> [3, 929]
BAD_ESCAPE_ERROR:'\>' [3, 931]
ARROW:-> [3, 935]
GREATEREQ:>= [3, 937]
RSHIFT:>> [3, 939]
RSHIFT:>> [3, 941]
GREATEREQ:>= [3, 943]
ARROW:-> [3, 945]
GREATEREQ:>= [3, 947]
RSHIFT:>> [3, 949]
RSHIFT_ASSIGN:>>= [3, 951]
GREATER:> [3, 954]
ARROW:-> [3, 955]
GREATEREQ:>= [3, 957]
RSHIFT:>> [3, 959]
GREATEREQ:>= [3, 961]
RSHIFT:>> [3, 963]
ARROW:-> [3, 965]
GREATEREQ:>= [3, 967]
RSHIFT_ASSIGN:>>= [3, 969]
RSHIFT:>> [3, 972]
GREATER:> [3, 974]
ARROW:-> [3, 975]
GREATEREQ:>= [3, 977]
GREATEREQ:>= [3, 979]
RSHIFT:>> [3, 981]
RSHIFT:>> [3, 983]
ARROW:-> [3, 985]
RSHIFT_ASSIGN:>>= [3, 987]
RSHIFT:>> [3, 990]
RSHIFT_ASSIGN:>>= [3, 992]
ARROW:-> [3, 995]
RSHIFT_ASSIGN:>>= [3, 997]
RSHIFT:>> [3, 1000]
GREATEREQ:>= [3, 1002]
GREATER:> [3, 1004]
ARROW:-> [3, 1005]
RSHIFT_ASSIGN:>>= [3, 1007]
RSHIFT_ASSIGN:>>= [3, 1010]
RSHIFT:>> [3, 1013]
ARROW:-> [3, 1015]
RSHIFT_ASSIGN:>>= [3, 1017]
GREATEREQ:>= [3, 1020]
RSHIFT:>> [3, 1022]
GREATER:> [3, 1024]
ARROW:-> [3, 1025]
RSHIFT_ASSIGN:>>= [3, 1027]
ASSIGN:= [3, 1030]
RSHIFT:>> [3, 1031]
RSHIFT:>> [3, 1033]
ARROW:-> [3, 1035]
RSHIFT:>> [3, 1037]
GREATEREQ:>= [3, 1039]
RSHIFT:>> [3, 1041]
GREATEREQ:>= [3, 1043]
ARROW:-> [3, 1045]
RSHIFT:>> [3, 1047]
GREATEREQ:>= [3, 1049]
RSHIFT_ASSIGN:>>= [3, 1051]
GREATER:> [3, 1054]
ARROW:-> [3, 1055]
RSHIFT:>> [3, 1057]
GREATEREQ:>= [3, 1059]
GREATEREQ:>= [3, 1061]
RSHIFT:>> [3, 1063]
ARROW:-> [3, 1065]
RSHIFT:>> [3, 1067]
GREATEREQ:>= [3, 1069]
ASSIGN:= [3, 1071]
RSHIFT:>> [3, 1072]
GREATER:> [3, 1074]
ARROW:-> [3, 1075]
ASSIGN:= [3, 1077]
RSHIFT:>> [3, 1078]
GREATEREQ:>= [3, 1080]
RSHIFT:>> [3, 1082]
GREATER:> [3, 1084]
ARROW:-> [3, 1085]
RSHIFT:>> [3, 1087]
RSHIFT:>> [3, 1089]
GREATEREQ:>= [3, 1091]
GREATEREQ:>= [3, 1093]
ARROW:-> [3, 1095]
RSHIFT:>> [3, 1097]
RSHIFT:>> [3, 1099]
GREATEREQ:>= [3, 1101]
ASSIGN:= [3, 1103]
GREATER:> [3, 1104]
ARROW:-> [3, 1105]
RSHIFT_ASSIGN:>>= [3, 1107]
RSHIFT:>> [3, 1110]
GREATEREQ:>= [3, 1112]
GREATER:> [3, 1114]
ARROW:-> [3, 1115]
GREATEREQ:>= [3, 1117]
RSHIFT:>> [3, 1119]
RSHIFT_ASSIGN:>>= [3, 1121]
GREATER:> [3, 1124]
ARROW:-> [3, 1125]
ASSIGN:= [3, 1127]
RSHIFT:>> [3, 1128]
RSHIFT:>> [3, 1130]
GREATEREQ:>= [3, 1132]
GREATER:> [3, 1134]
ARROW:-> [3, 1135]
RSHIFT:>> [3, 1137]
RSHIFT_ASSIGN:>>= [3, 1139]
RSHIFT_ASSIGN:>>= [3, 1142]
ARROW:-> [3, 1145]
RSHIFT:>> [3, 1147]
GREATEREQ:>= [3, 1149]
RSHIFT:>> [3, 1151]
GREATEREQ:>= [3, 1153]
ARROW:-> [3, 1155]
RSHIFT_ASSIGN:>>= [3, 1157]
RSHIFT:>> [3, 1160]
RSHIFT_ASSIGN:>>= [3, 1162]
ARROW:-> [3, 1165]
GREATEREQ:>= [3, 1167]
RSHIFT:>> [3, 1169]
RSHIFT:>> [3, 1171]
GREATEREQ:>= [3, 1173]
ARROW:-> [3, 1175]
ASSIGN:= [3, 1177]
RSHIFT:>> [3, 1178]
RSHIFT:>> [3, 1180]
RSHIFT_ASSIGN:>>= [3, 1182]
GREATER:> [3, 1185]
CHARLITERAL:'\?' [3, 1186]
CROSS_ASSIGN:+= [3, 1190]
POSTINC:++ [3, 1192]
ASSIGN:= [3, 1194]
POSTINC:++ [3, 1195]
CROSS_ASSIGN:+= [3, 1197]
POSTINC:++ [3, 1199]
POSTINC:++ [3, 1201]
ASSIGN:= [3, 1203]
POSTINC:++ [3, 1204]
POSTINC:++ [3, 1206]
CROSS_ASSIGN:+= [3, 1208]
CROSS:+ [3, 1210]
BAD_ESCAPE_ERROR:'\@' [3, 1211]
DASH_ASSIGN:-= [3, 1215]
POSTDEC:-- [3, 1217]
ASSIGN:= [3, 1219]
POSTDEC:-- [3, 1220]
DASH_ASSIGN:-= [3, 1222]
POSTDEC:-- [3, 1224]
POSTDEC:-- [3, 1226]
ASSIGN:= [3, 1228]
POSTDEC:-- [3, 1229]
POSTDEC:-- [3, 1231]
DASH_ASSIGN:-= [3, 1233]
DASH:- [3, 1235]
BAD_ESCAPE_ERROR:'\[' [3, 1236]
AMPERSAND_ASSIGN:&= [3, 1240]
AND:&& [3, 1242]
ASSIGN:= [3, 1244]
AND:&& [3, 1245]
AMPERSAND_ASSIGN:&= [3, 1247]
AND:&& [3, 1249]
AND:&& [3, 1251]
ASSIGN:= [3, 1253]
AND:&& [3, 1254]
AND:&& [3, 1256]
AMPERSAND_ASSIGN:&= [3, 1258]
AMPERSAND:& [3, 1260]
BAD_ESCAPE_ERROR:'\]' [3, 1261]
STAR_ASSIGN:*= [3, 1265]
STAR:* [3, 1267]
STAR_ASSIGN:*= [3, 1268]
STAR:* [3, 1270]
STAR:* [3, 1271]
STAR_ASSIGN:*= [3, 1272]
BAD_ESCAPE_ERROR:'\^' [3, 1274]
NOTEQUALS:!= [3, 1278]
NOT:! [3, 1280]
NOTEQUALS:!= [3, 1281]
NOT:! [3, 1283]
NOT:! [3, 1284]
NOTEQUALS:!= [3, 1285]
BAD_ESCAPE_ERROR:'\_' [3, 1287]
SLASH_ASSIGN:/= [3, 1291]
SLASH:/ [3, 1293]
SLASH_ASSIGN:/= [3, 1294]
SLASH:/ [3, 1296]
SLASH:/ [3, 1297]
SLASH_ASSIGN:/= [3, 1298]
BAD_ESCAPE_ERROR:'\`' [3, 1300]
PERCENT_ASSIGN:%= [3, 1304]
PERCENT:% [3, 1306]
PERCENT_ASSIGN:%= [3, 1307]
PERCENT:% [3, 1309]
PERCENT:% [3, 1310]
PERCENT_ASSIGN:%= [3, 1311]
BAD_ESCAPE_ERROR:'\{' [3, 1313]
LESSEQ:<= [3, 1317]
LSHIFT_ASSIGN:<<= [3, 1319]
LSHIFT:<< [3, 1322]
LESSEQ:<= [3, 1324]
LSHIFT:<< [3, 1326]
LSHIFT_ASSIGN:<<= [3, 1328]
LSHIFT:<< [3, 1331]
LSHIFT:<< [3, 1333]
LESSEQ:<= [3, 1335]
LSHIFT:<< [3, 1337]
LSHIFT:<< [3, 1339]
LSHIFT_ASSIGN:<<= [3, 1341]
LESS:< [3, 1344]
BAD_ESCAPE_ERROR:'\|' [3, 1345]
GREATEREQ:>= [3, 1349]
RSHIFT_ASSIGN:>>= [3, 1351]
RSHIFT:>> [3, 1354]
GREATEREQ:>= [3, 1356]
RSHIFT:>> [3, 1358]
RSHIFT_ASSIGN:>>= [3, 1360]
RSHIFT:>> [3, 1363]
RSHIFT:>> [3, 1365]
GREATEREQ:>= [3, 1367]
RSHIFT:>> [3, 1369]
RSHIFT:>> [3, 1371]
RSHIFT_ASSIGN:>>= [3, 1373]
GREATER:> [3, 1376]
BAD_ESCAPE_ERROR:'\}' [3, 1377]
LESSEQ:<= [3, 1381]
LSHIFT_ASSIGN:<<= [3, 1383]
LSHIFT:<< [3, 1386]
LESSEQ:<= [3, 1388]
LSHIFT:<< [3, 1390]
LESSEQ:<= [3, 1392]
ASSIGN:= [3, 1394]
LESSEQ:<= [3, 1395]
ASSIGN:= [3, 1397]
LSHIFT_ASSIGN:<<= [3, 1398]
ASSIGN:= [3, 1401]
LSHIFT:<< [3, 1402]
LESSEQ:<= [3, 1404]
ASSIGN:= [3, 1406]
LSHIFT:<< [3, 1407]
LSHIFT_ASSIGN:<<= [3, 1409]
ASSIGN:= [3, 1412]
LESS:< [3, 1413]
BAD_ESCAPE_ERROR:'\~' [3, 1414]
LESSEQ:<= [3, 1418]
LSHIFT_ASSIGN:<<= [3, 1420]
LSHIFT:<< [3, 1423]
LESSEQ:<= [3, 1425]
LESS:< [3, 1427]
UNTERMINATED_DOUBLE_QUOTE_ERROR:" [3, 1428]
WHITESPACE:
 [3, 1429]
LESSEQ:<= [4, 1]
LESSEQ:<= [4, 3]
ASSIGN:= [4, 5]
LESSEQ:<= [4, 6]
EQUALS:== [4, 8]
LESSEQ:<= [4, 10]
EQUALS:== [4, 12]
ASSIGN:= [4, 14]
STRINGLITERAL:"" [4, 15]
GREATEREQ:>= [4, 17]
RSHIFT_ASSIGN:>>= [4, 19]
RSHIFT:>> [4, 22]
GREATEREQ:>= [4, 24]
BAD_ESCAPE_ERROR:"\ " [4, 26]
GREATEREQ:>= [4, 30]
GREATEREQ:>= [4, 32]
ASSIGN:= [4, 34]
GREATEREQ:>= [4, 35]
EQUALS:== [4, 37]
GREATEREQ:>= [4, 39]
EQUALS:== [4, 41]
ASSIGN:= [4, 43]
BAD_ESCAPE_ERROR:"a\!" [4, 44]
EQUALS:== [4, 49]
ASSIGN:= [4, 51]
NOTEQUALS:!= [4, 52]
EQUALS:== [4, 54]
STAR_ASSIGN:*= [4, 56]
EQUALS:== [4, 58]
SLASH_ASSIGN:/= [4, 60]
EQUALS:== [4, 62]
PERCENT_ASSIGN:%= [4, 64]
EQUALS:== [4, 66]
CROSS_ASSIGN:+= [4, 68]
EQUALS:== [4, 70]
DASH_ASSIGN:-= [4, 72]
EQUALS:== [4, 74]
LSHIFT_ASSIGN:<<= [4, 76]
EQUALS:== [4, 79]
RSHIFT_ASSIGN:>>= [4, 81]
EQUALS:== [4, 84]
AMPERSAND_ASSIGN:&= [4, 86]
EQUALS:== [4, 88]
CARET_ASSING:^= [4, 90]
EQUALS:== [4, 92]
PIPE_ASSIGN:|= [4, 94]
EQUALS:== [4, 96]
NOTEQUALS:!= [4, 98]
EQUALS:== [4, 100]
ASSIGN:= [4, 102]
STAR_ASSIGN:*= [4, 103]
EQUALS:== [4, 105]
ASSIGN:= [4, 107]
SLASH_ASSIGN:/= [4, 108]
EQUALS:== [4, 110]
ASSIGN:= [4, 112]
PERCENT_ASSIGN:%= [4, 113]
EQUALS:== [4, 115]
ASSIGN:= [4, 117]
CROSS_ASSIGN:+= [4, 118]
EQUALS:== [4, 120]
ASSIGN:= [4, 122]
DASH_ASSIGN:-= [4, 123]
EQUALS:== [4, 125]
ASSIGN:= [4, 127]
LSHIFT_ASSIGN:<<= [4, 128]
EQUALS:== [4, 131]
ASSIGN:= [4, 133]
RSHIFT_ASSIGN:>>= [4, 134]
EQUALS:== [4, 137]
ASSIGN:= [4, 139]
AMPERSAND_ASSIGN:&= [4, 140]
EQUALS:== [4, 142]
ASSIGN:= [4, 144]
CARET_ASSING:^= [4, 145]
EQUALS:== [4, 147]
ASSIGN:= [4, 149]
PIPE_ASSIGN:|= [4, 150]
EQUALS:== [4, 152]
ASSIGN:= [4, 154]
NOTEQUALS:!= [4, 155]
EQUALS:== [4, 157]
EQUALS:== [4, 159]
STAR_ASSIGN:*= [4, 161]
EQUALS:== [4, 163]
EQUALS:== [4, 165]
SLASH_ASSIGN:/= [4, 167]
EQUALS:== [4, 169]
EQUALS:== [4, 171]
PERCENT_ASSIGN:%= [4, 173]
EQUALS:== [4, 175]
EQUALS:== [4, 177]
CROSS_ASSIGN:+= [4, 179]
EQUALS:== [4, 181]
EQUALS:== [4, 183]
DASH_ASSIGN:-= [4, 185]
EQUALS:== [4, 187]
EQUALS:== [4, 189]
LSHIFT_ASSIGN:<<= [4, 191]
EQUALS:== [4, 194]
EQUALS:== [4, 196]
RSHIFT_ASSIGN:>>= [4, 198]
EQUALS:== [4, 201]
EQUALS:== [4, 203]
AMPERSAND_ASSIGN:&= [4, 205]
EQUALS:== [4, 207]
EQUALS:== [4, 209]
CARET_ASSING:^= [4, 211]
EQUALS:== [4, 213]
EQUALS:== [4, 215]
PIPE_ASSIGN:|= [4, 217]
EQUALS:== [4, 219]
EQUALS:== [4, 221]
BAD_ESCAPE_ERROR:"a\#b" [4, 223]
NOTEQUALS:!= [4, 229]
NOTEQUALS:!= [4, 231]
ASSIGN:= [4, 233]
NOTEQUALS:!= [4, 234]
EQUALS:== [4, 236]
BAD_ESCAPE_ERROR:"a\$b\&" [4, 238]
CARET_ASSING:^= [4, 246]
CARET:^ [4, 248]
CARET_ASSING:^= [4, 249]
CARET:^ [4, 251]
CARET:^ [4, 252]
CARET_ASSING:^= [4, 253]
BAD_ESCAPE_ERROR:"a\'b\(c" [4, 255]
PIPE_ASSIGN:|= [4, 264]
OR:|| [4, 266]
ASSIGN:= [4, 268]
OR:|| [4, 269]
PIPE_ASSIGN:|= [4, 271]
OR:|| [4, 273]
OR:|| [4, 275]
ASSIGN:= [4, 277]
OR:|| [4, 278]
OR:|| [4, 280]
PIPE_ASSIGN:|= [4, 282]
PIPE:| [4, 284]
BAD_ESCAPE_ERROR:"\)a" [4, 285]
STAR_ASSIGN:*= [4, 290]
ASSIGN:= [4, 292]
SLASH_ASSIGN:/= [4, 293]
ASSIGN:= [4, 295]
PERCENT_ASSIGN:%= [4, 296]
ASSIGN:= [4, 298]
CROSS_ASSIGN:+= [4, 299]
ASSIGN:= [4, 301]
DASH_ASSIGN:-= [4, 302]
ASSIGN:= [4, 304]
LSHIFT_ASSIGN:<<= [4, 305]
ASSIGN:= [4, 308]
RSHIFT_ASSIGN:>>= [4, 309]
ASSIGN:= [4, 312]
AMPERSAND_ASSIGN:&= [4, 313]
ASSIGN:= [4, 315]
CARET_ASSING:^= [4, 316]
ASSIGN:= [4, 318]
PIPE_ASSIGN:|= [4, 319]
ASSIGN:= [4, 321]
BAD_ESCAPE_ERROR:"\*a\+" [4, 322]
BAD_ESCAPE_ERROR:"\,a\-b" [4, 329]
BAD_ESCAPE_ERROR:"\.a\/b\1" [4, 337]
WHITESPACE:   [4, 347]
BAD_ESCAPE_ERROR:"\2" [4, 349]
UNTERMINATED_SINGLE_QUOTE_ERROR:' [4, 353]
UNDEFINED_TOKEN_ERROR:\ [4, 354]
UNTERMINATED_SINGLE_QUOTE_ERROR:' [4, 355]
UNTERMINATED_DOUBLE_QUOTE_ERROR:" [4, 356]
UNDEFINED_TOKEN_ERROR:\ [4, 357]
UNTERMINATED_DOUBLE_QUOTE_ERROR:" [4, 358]
WHITESPACE:
 [4, 359]
STRINGLITERAL:"" [5, 1]
STRINGLITERAL:"" [5, 3]
WHITESPACE:
 [5, 5]
BAD_ESCAPE_ERROR:"\3" [6, 1]
WHITESPACE: 	 [6, 5]
BAD_ESCAPE_ERROR:"\4" [6, 7]
WHITESPACE: 
 [6, 11]
BAD_ESCAPE_ERROR:"\5" [7, 1]
WHITESPACE:	  [7, 5]
BAD_ESCAPE_ERROR:"\6" [7, 7]
WHITESPACE:	
 [7, 11]
BAD_ESCAPE_ERROR:"\7" [8, 1]
WHITESPACE:
  [8, 5]
BAD_ESCAPE_ERROR:"\8" [9, 2]
WHITESPACE:
	 [9, 6]
BAD_ESCAPE_ERROR:"\9" [10, 2]
WHITESPACE: 
	 [10, 6]
BAD_ESCAPE_ERROR:"\:" [11, 2]
WHITESPACE: 	
 [11, 6]
BAD_ESCAPE_ERROR:"\<" [12, 1]
WHITESPACE:	 
 [12, 5]
BAD_ESCAPE_ERROR:"\=" [13, 1]
WHITESPACE:	
  [13, 5]
BAD_ESCAPE_ERROR:"\>" [14, 2]
WHITESPACE:
 	 [14, 6]
BAD_ESCAPE_ERROR:"\@" [15, 3]
WHITESPACE:
	  [15, 7]
BAD_ESCAPE_ERROR:"\A" [16, 3]
WHITESPACE: 	
  [16, 7]
BAD_ESCAPE_ERROR:"\B" [17, 2]
WHITESPACE: 
	  [17, 6]
BAD_ESCAPE_ERROR:"\C" [18, 3]
WHITESPACE:	 
	 [18, 7]
BAD_ESCAPE_ERROR:"\D" [19, 2]
WHITESPACE:	
 	 [19, 6]
BAD_ESCAPE_ERROR:"\E" [20, 3]
WHITESPACE:
 	
 [20, 7]
BAD_ESCAPE_ERROR:"\F" [22, 1]
WHITESPACE:
	 
 [22, 5]
BAD_ESCAPE_ERROR:"\G" [24, 1]
WHITESPACE:  [24, 5]
BAD_ESCAPE_ERROR:"\H" [24, 6]
WHITESPACE:  [24, 10]
BAD_ESCAPE_ERROR:"\I" [24, 11]
WHITESPACE:  [24, 15]
BAD_ESCAPE_ERROR:"\J" [24, 16]
WHITESPACE:  [24, 20]
BAD_ESCAPE_ERROR:"\K" [24, 21]
WHITESPACE:  [24, 25]
BAD_ESCAPE_ERROR:"\L" [24, 26]
WHITESPACE:  [24, 30]
BAD_ESCAPE_ERROR:"\M" [24, 31]
WHITESPACE:  [24, 35]
BAD_ESCAPE_ERROR:"\N" [24, 36]
WHITESPACE:  [24, 40]
BAD_ESCAPE_ERROR:"\O" [24, 41]
WHITESPACE:  [24, 45]
BAD_ESCAPE_ERROR:"\P" [24, 46]
WHITESPACE:  [24, 50]
BAD_ESCAPE_ERROR:"\Q" [24, 51]
WHITESPACE:  [24, 55]
BAD_ESCAPE_ERROR:"\R" [24, 56]
WHITESPACE:  [24, 60]
BAD_ESCAPE_ERROR:"\S" [24, 61]
WHITESPACE:  [24, 65]
BAD_ESCAPE_ERROR:"\T" [24, 66]
WHITESPACE:  [24, 70]
BAD_ESCAPE_ERROR:"\U" [24, 71]
WHITESPACE:  [24, 75]
BAD_ESCAPE_ERROR:"\V" [24, 76]
WHITESPACE:  [24, 80]
BAD_ESCAPE_ERROR:"\W" [24, 81]
WHITESPACE:  [24, 85]
BAD_ESCAPE_ERROR:"\X" [24, 86]
WHITESPACE:  [24, 90]
BAD_ESCAPE_ERROR:"\Y" [24, 91]
WHITESPACE:  [24, 95]
BAD_ESCAPE_ERROR:"\Z" [24, 96]
WHITESPACE:  [24, 100]
BAD_ESCAPE_ERROR:"\[" [24, 101]
WHITESPACE:  [24, 105]
BAD_ESCAPE_ERROR:"\^" [24, 106]
WHITESPACE:  [24, 110]
BAD_ESCAPE_ERROR:"\]" [24, 111]
WHITESPACE:  [24, 115]
BAD_ESCAPE_ERROR:"\_" [24, 116]
WHITESPACE:  [24, 120]
BAD_ESCAPE_ERROR:"\`" [24, 121]
WHITESPACE:  [24, 125]
BAD_ESCAPE_ERROR:"\c" [24, 126]
WHITESPACE:  [24, 130]
BAD_ESCAPE_ERROR:"\d" [24, 131]
WHITESPACE:  [24, 135]
BAD_ESCAPE_ERROR:"\e" [24, 136]
WHITESPACE:  [24, 140]
BAD_ESCAPE_ERROR:"\g" [24, 141]
WHITESPACE:  [24, 145]
BAD_ESCAPE_ERROR:"\h" [24, 146]
WHITESPACE:  [24, 150]
BAD_ESCAPE_ERROR:"\i" [24, 151]
WHITESPACE:  [24, 155]
BAD_ESCAPE_ERROR:"\j" [24, 156]
WHITESPACE:  [24, 160]
BAD_ESCAPE_ERROR:"\k" [24, 161]
WHITESPACE:  [24, 165]
BAD_ESCAPE_ERROR:"\l" [24, 166]
WHITESPACE:  [24, 170]
BAD_ESCAPE_ERROR:"\m" [24, 171]
WHITESPACE:  [24, 175]
BAD_ESCAPE_ERROR:"\o" [24, 176]
WHITESPACE:  [24, 180]
BAD_ESCAPE_ERROR:"\p" [24, 181]
WHITESPACE:  [24, 185]
BAD_ESCAPE_ERROR:"\q" [24, 186]
WHITESPACE:  [24, 190]
BAD_ESCAPE_ERROR:"\s" [24, 191]
WHITESPACE:  [24, 195]
BAD_ESCAPE_ERROR:"\u" [24, 196]
WHITESPACE:  [24, 200]
BAD_ESCAPE_ERROR:"\w" [24, 201]
WHITESPACE:  [24, 205]
BAD_ESCAPE_ERROR:"\x" [24, 206]
WHITESPACE:  [24, 210]
BAD_ESCAPE_ERROR:"\y" [24, 211]
WHITESPACE:  [24, 215]
BAD_ESCAPE_ERROR:"\z" [24, 216]
WHITESPACE:  [24, 220]
BAD_ESCAPE_ERROR:"\{" [24, 221]
WHITESPACE:  [24, 225]
BAD_ESCAPE_ERROR:"\|" [24, 226]
WHITESPACE:  [24, 230]
BAD_ESCAPE_ERROR:"\}" [24, 231]
WHITESPACE:  [24, 235]
BAD_ESCAPE_ERROR:"\~" [24, 236]
WHITESPACE:  [24, 240]
STRINGLITERAL:"" [24, 241]
WHITESPACE:  [24, 243]
STRINGLITERAL:" !\"#$%&'\'()*+,-./0123456789:;<=>?\?@ABCDEFGHIJKLMNOPQRSTUVWXYZ[\\]^_`a\ab\bcdef\fghijklmn\nopqr\rst\tuv\vwxyz{|}~" [24, 244]
WHITESPACE:
 [24, 361]
