Tokens:
ID:aut [1, 1]
LBRACKET:[ [1, 4]
AUTO:auto [1, 5]
RBRACKET:] [1, 9]
ID:autobreak [1, 10]
LPAREN:( [1, 19]
ID:bre [1, 20]
RPAREN:) [1, 23]
BREAK:break [1, 24]
LCURLY:{ [1, 29]
ID:breakcase [1, 30]
RCURLY:} [1, 39]
ID:cas [1, 40]
DOT:. [1, 43]
CASE:case [1, 44]
ARROW:-> [1, 48]
ID:casechar [1, 50]
POSTINC:++ [1, 58]
ID:cha [1, 60]
POSTDEC:-- [1, 63]
CHAR:char [1, 65]
AMPERSAND:& [1, 69]
ID:charconst [1, 70]
STAR:* [1, 79]
ID:cons [1, 80]
CROSS:+ [1, 84]
CONST:const [1, 85]
DASH:- [1, 90]
ID:constcontinue [1, 91]
TILDA:~ [1, 104]
ID:continu [1, 105]
NOT:! [1, 112]
CONTINUE:continue [1, 113]
SLASH:/ [1, 121]
ID:continuedefault [1, 122]
PERCENT:% [1, 137]
ID:defaul [1, 138]
LSHIFT:<< [1, 144]
DEFAULT:default [1, 146]
RSHIFT:>> [1, 153]
ID:defaultdo [1, 155]
LESS:< [1, 164]
ID:d [1, 165]
GREATER:> [1, 166]
DO:do [1, 167]
LESSEQ:<= [1, 169]
ID:dodouble [1, 171]
GREATEREQ:>= [1, 179]
ID:doubl [1, 181]
EQUALS:== [1, 186]
DOUBLE:double [1, 188]
NOTEQUALS:!= [1, 194]
ID:doubleelse [1, 196]
CARET:^ [1, 206]
ID:els [1, 207]
PIPE:| [1, 210]
ELSE:else [1, 211]
AND:&& [1, 215]
ID:elseenum [1, 217]
OR:|| [1, 225]
ID:enu [1, 227]
QUESTION_MARK:? [1, 230]
ID:enumextern [1, 231]
COLON:: [1, 241]
ID:exter [1, 242]
SEMICOL:; [1, 247]
ID:externfloat [1, 248]
ELLIPSES:... [1, 259]
ID:floa [1, 262]
ASSIGN:= [1, 266]
FLOAT:float [1, 267]
STAR_ASSIGN:*= [1, 272]
ID:floatfor [1, 274]
SLASH_ASSIGN:/= [1, 282]
ID:fo [1, 284]
PERCENT_ASSIGN:%= [1, 286]
FOR:for [1, 288]
CROSS_ASSIGN:+= [1, 291]
ID:forgoto [1, 293]
DASH_ASSIGN:-= [1, 300]
ID:got [1, 302]
LSHIFT_ASSIGN:<<= [1, 305]
GOTO:goto [1, 308]
RSHIFT_ASSIGN:>>= [1, 312]
ID:gotoif [1, 315]
AMPERSAND_ASSIGN:&= [1, 321]
ID:i [1, 323]
CARET_ASSING:^= [1, 324]
IF:if [1, 326]
PIPE_ASSIGN:|= [1, 328]
ID:ifinline [1, 330]
COMMA:, [1, 338]
ID:inlin [1, 339]
WHITESPACE:  [1, 344]
INLINE:inline [1, 345]
WHITESPACE:	 [1, 351]
ID:inlineint [1, 352]
WHITESPACE:
 [1, 361]
ID:in [2, 1]
UNDEFINED_TOKEN_ERROR:$ [2, 3]
INT:int [2, 4]
CHARLITERAL:'a' [2, 7]
ID:intlong [2, 10]
CHARLITERAL:'b' [2, 17]
ID:lon [2, 20]
CHARLITERAL:'c' [2, 23]
LONG:long [2, 26]
CHARLITERAL:'d' [2, 30]
ID:longregister [2, 33]
CHARLITERAL:'e' [2, 45]
ID:registe [2, 48]
CHARLITERAL:'f' [2, 55]
REGISTER:register [2, 58]
CHARLITERAL:'g' [2, 66]
ID:registerrestrict [2, 69]
CHARLITERAL:'h' [2, 85]
RESTRICT:restrict [2, 88]
CHARLITERAL:'i' [2, 96]
ID:restric [2, 99]
CHARLITERAL:'j' [2, 106]
ID:restrictreturn [2, 109]
CHARLITERAL:'k' [2, 123]
ID:retur [2, 126]
CHARLITERAL:'l' [2, 131]
RETURN:return [2, 134]
CHARLITERAL:'m' [2, 140]
ID:returnshort [2, 143]
CHARLITERAL:'n' [2, 154]
ID:shor [2, 157]
CHARLITERAL:'o' [2, 161]
SHORT:short [2, 164]
CHARLITERAL:'p' [2, 169]
ID:shortsigned [2, 172]
CHARLITERAL:'q' [2, 183]
ID:signe [2, 186]
CHARLITERAL:'r' [2, 191]
SIGNED:signed [2, 194]
CHARLITERAL:'s' [2, 200]
ID:signedsizeof [2, 203]
CHARLITERAL:'t' [2, 215]
ID:sizeo [2, 218]
CHARLITERAL:'u' [2, 223]
SIZEOF:sizeof [2, 226]
CHARLITERAL:'v' [2, 232]
ID:sizeofstatic [2, 235]
CHARLITERAL:'w' [2, 247]
ID:stati [2, 250]
CHARLITERAL:'x' [2, 255]
STATIC:static [2, 258]
CHARLITERAL:'y' [2, 264]
ID:staticstruct [2, 267]
CHARLITERAL:'z' [2, 279]
ID:struc [2, 282]
CHARLITERAL:'A' [2, 287]
STRUCT:struct [2, 290]
CHARLITERAL:'B' [2, 296]
ID:structswitch [2, 299]
CHARLITERAL:'C' [2, 311]
ID:switc [2, 314]
CHARLITERAL:'D' [2, 319]
SWITCH:switch [2, 322]
CHARLITERAL:'E' [2, 328]
ID:switchtypedef [2, 331]
CHARLITERAL:'F' [2, 344]
ID:typede [2, 347]
CHARLITERAL:'G' [2, 353]
TYPEDEF:typedef [2, 356]
CHARLITERAL:'H' [2, 363]
ID:typedefunion [2, 366]
CHARLITERAL:'I' [2, 378]
ID:unio [2, 381]
CHARLITERAL:'J' [2, 385]
UNION:union [2, 388]
CHARLITERAL:'K' [2, 393]
ID:unionunsigned [2, 396]
CHARLITERAL:'L' [2, 409]
ID:unsigne [2, 412]
CHARLITERAL:'M' [2, 419]
UNSIGNED:unsigned [2, 422]
CHARLITERAL:'N' [2, 430]
ID:unsignedvoid [2, 433]
CHARLITERAL:'O' [2, 445]
ID:voi [2, 448]
CHARLITERAL:'P' [2, 451]
VOID:void [2, 454]
CHARLITERAL:'Q' [2, 458]
ID:voidvolatile [2, 461]
CHARLITERAL:'R' [2, 473]
ID:volatil [2, 476]
CHARLITERAL:'S' [2, 483]
VOLATILE:volatile [2, 486]
CHARLITERAL:'T' [2, 494]
ID:volatilewhile [2, 497]
CHARLITERAL:'U' [2, 510]
ID:whil [2, 513]
CHARLITERAL:'V' [2, 517]
WHILE:while [2, 520]
CHARLITERAL:'W' [2, 525]
ID:while_Alignas [2, 528]
CHARLITERAL:'X' [2, 541]
ID:_Aligna [2, 544]
CHARLITERAL:'Y' [2, 551]
ALIGNAS:_Alignas [2, 554]
CHARLITERAL:'Z' [2, 562]
ID:_Alignas_Alignof [2, 565]
CHARLITERAL:'0' [2, 581]
ID:_Aligno [2, 584]
CHARLITERAL:'1' [2, 591]
ALIGNOF:_Alignof [2, 594]
CHARLITERAL:'2' [2, 602]
ID:_Alignof_Atomic [2, 605]
CHARLITERAL:'3' [2, 620]
ID:_Atomi [2, 623]
CHARLITERAL:'4' [2, 629]
ATOMIC:_Atomic [2, 632]
CHARLITERAL:'5' [2, 639]
ID:_Atomic_Bool [2, 642]
CHARLITERAL:'6' [2, 654]
ID:_Boo [2, 657]
CHARLITERAL:'7' [2, 661]
BOOL:_Bool [2, 664]
CHARLITERAL:'8' [2, 669]
ID:_Bool_Complex [2, 672]
CHARLITERAL:'9' [2, 685]
ID:_Comple [2, 688]
CHARLITERAL:' ' [2, 695]
COMPLEX:_Complex [2, 698]
CHARLITERAL:'!' [2, 706]
ID:_Complex_Generic [2, 709]
CHARLITERAL:'"' [2, 725]
ID:_Generi [2, 728]
CHARLITERAL:'#' [2, 735]
GENERIC:_Generic [2, 738]
CHARLITERAL:'$' [2, 746]
ID:_Generic_Imaginary [2, 749]
CHARLITERAL:'%' [2, 767]
IMAGINARY:_Imaginary [2, 770]
CHARLITERAL:'&' [2, 780]
ID:_Imaginary_Noreturn [2, 783]
UNTERMINATED_SINGLE_QUOTE_ERROR:' [2, 802]
UNTERMINATED_SINGLE_QUOTE_ERROR:' [2, 803]
UNTERMINATED_SINGLE_QUOTE_ERROR:' [2, 804]
ID:_Imaginar [2, 805]
CHARLITERAL:'(' [2, 814]
IMAGINARY:_Imaginary [2, 817]
CHARLITERAL:')' [2, 827]
ID:_Imaginary_Noreturn [2, 830]
CHARLITERAL:'*' [2, 849]
ID:_Noretur [2, 852]
CHARLITERAL:'+' [2, 860]
NORETURN:_Noreturn [2, 863]
CHARLITERAL:',' [2, 872]
ID:_Noreturn_Static_assert [2, 875]
CHARLITERAL:'-' [2, 898]
THREADLOCAL:_Thread_local [2, 901]
CHARLITERAL:'.' [2, 914]
ID:_Thread_localauto [2, 917]
CHARLITERAL:'/' [2, 934]
ID:auto1 [2, 937]
CHARLITERAL:'[' [2, 942]
ID:break2 [2, 945]
CHARLITERAL:']' [2, 951]
ID:case3 [2, 954]
CHARLITERAL:'^' [2, 959]
ID:char4 [2, 962]
CHARLITERAL:'-' [2, 967]
ID:const5 [2, 970]
CHARLITERAL:'`' [2, 976]
ID:continue6 [2, 979]
CHARLITERAL:'{' [2, 988]
ID:default7 [2, 991]
CHARLITERAL:'|' [2, 999]
ID:do8 [2, 1002]
CHARLITERAL:'}' [2, 1005]
ID:double9 [2, 1008]
CHARLITERAL:'~' [2, 1015]
ID:else0 [2, 1018]
UNTERMINATED_SINGLE_QUOTE_ERROR:' [2, 1023]
UNTERMINATED_SINGLE_QUOTE_ERROR:' [2, 1024]
ID:enum10 [2, 1025]
UNTERMINATED_SINGLE_QUOTE_ERROR:' [2, 1031]
ID:aa [2, 1032]
UNTERMINATED_SINGLE_QUOTE_ERROR:' [2, 1034]
ID:extern11 [2, 1035]
UNTERMINATED_SINGLE_QUOTE_ERROR:' [2, 1043]
WHITESPACE:
 [2, 1044]
UNTERMINATED_SINGLE_QUOTE_ERROR:' [3, 1]
ID:float12 [3, 2]
CHARLITERAL:'\'' [3, 9]
ID:for13 [3, 13]
CHARLITERAL:'\?' [3, 18]
ID:goto14 [3, 22]
CHARLITERAL:'\\' [3, 28]
ID:if15 [3, 32]
CHARLITERAL:'\a' [3, 36]
ID:inline16 [3, 40]
CHARLITERAL:'\b' [3, 48]
ID:int17 [3, 52]
CHARLITERAL:'\f' [3, 57]
ID:long18 [3, 61]
CHARLITERAL:'\n' [3, 67]
ID:register19 [3, 71]
CHARLITERAL:'\r' [3, 81]
ID:restrict20 [3, 85]
CHARLITERAL:'\t' [3, 95]
ID:return21 [3, 99]
CHARLITERAL:'\v' [3, 107]
ID:short22 [3, 111]
BAD_ESCAPE_ERROR:'\c' [3, 118]
ID:signed23 [3, 122]
BAD_ESCAPE_ERROR:'\d' [3, 130]
ID:sizeof24 [3, 134]
BAD_ESCAPE_ERROR:'\e' [3, 142]
ID:static25 [3, 146]
BAD_ESCAPE_ERROR:'\g' [3, 154]
ID:struct26 [3, 158]
BAD_ESCAPE_ERROR:'\h' [3, 166]
ID:switch27 [3, 170]
BAD_ESCAPE_ERROR:'\i' [3, 178]
ID:typedef28 [3, 182]
BAD_ESCAPE_ERROR:'\j' [3, 191]
ID:union29 [3, 195]
BAD_ESCAPE_ERROR:'\k' [3, 202]
ID:unsigned30 [3, 206]
BAD_ESCAPE_ERROR:'\l' [3, 216]
ID:void31 [3, 220]
BAD_ESCAPE_ERROR:'\m' [3, 226]
ID:volatile32 [3, 230]
BAD_ESCAPE_ERROR:'\o' [3, 240]
ID:while33 [3, 244]
BAD_ESCAPE_ERROR:'\p' [3, 251]
ID:_Alignas34 [3, 255]
BAD_ESCAPE_ERROR:'\q' [3, 265]
ALIGNOF:_Alignof [3, 269]
BAD_ESCAPE_ERROR:'\s' [3, 277]
ATOMIC:_Atomic [3, 281]
BAD_ESCAPE_ERROR:'\u' [3, 288]
BOOL:_Bool [3, 292]
BAD_ESCAPE_ERROR:'\w' [3, 297]
COMPLEX:_Complex [3, 301]
BAD_ESCAPE_ERROR:'\x' [3, 309]
GENERIC:_Generic [3, 313]
BAD_ESCAPE_ERROR:'\y' [3, 321]
IMAGINARY:_Imaginary [3, 325]
BAD_ESCAPE_ERROR:'\z' [3, 335]
NORETURN:_Noreturn [3, 339]
BAD_ESCAPE_ERROR:'\A' [3, 348]
STATICASSERT:_Static_assert [3, 352]
BAD_ESCAPE_ERROR:'\B' [3, 366]
THREADLOCAL:_Thread_local [3, 370]
BAD_ESCAPE_ERROR:'\C' [3, 383]
INTLITERAL:0 [3, 387]
BAD_ESCAPE_ERROR:'\D' [3, 388]
INTLITERAL:1 [3, 392]
BAD_ESCAPE_ERROR:'\E' [3, 393]
INTLITERAL:2 [3, 397]
BAD_ESCAPE_ERROR:'\F' [3, 398]
INTLITERAL:3 [3, 402]
BAD_ESCAPE_ERROR:'\G' [3, 403]
INTLITERAL:4 [3, 407]
BAD_ESCAPE_ERROR:'\H' [3, 408]
INTLITERAL:5 [3, 412]
BAD_ESCAPE_ERROR:'\I' [3, 413]
INTLITERAL:6 [3, 417]
BAD_ESCAPE_ERROR:'\J' [3, 418]
INTLITERAL:7 [3, 422]
BAD_ESCAPE_ERROR:'\K' [3, 423]
INTLITERAL:8 [3, 427]
BAD_ESCAPE_ERROR:'\L' [3, 428]
INTLITERAL:9 [3, 432]
BAD_ESCAPE_ERROR:'\M' [3, 433]
INTLITERAL:0 [3, 437]
INTLITERAL:1 [3, 438]
BAD_ESCAPE_ERROR:'\O' [3, 439]
INTLITERAL:1234567890 [3, 443]
BAD_ESCAPE_ERROR:'\P' [3, 453]
FLOATLITERAL:0123456789.0123456789 [3, 457]
BAD_ESCAPE_ERROR:'\Q' [3, 478]
FLOATLITERAL:0123456789. [3, 482]
BAD_ESCAPE_ERROR:'\R' [3, 493]
FLOATLITERAL:.0123456789 [3, 497]
BAD_ESCAPE_ERROR:'\S' [3, 508]
DOT:. [3, 512]
BAD_ESCAPE_ERROR:'\T' [3, 513]
ID:abc [3, 517]
DOT:. [3, 520]
BAD_ESCAPE_ERROR:'\U' [3, 521]
DOT:. [3, 525]
ID:abc [3, 526]
BAD_ESCAPE_ERROR:'\V' [3, 529]
ID:abc [3, 533]
DOT:. [3, 536]
ID:def [3, 537]
BAD_ESCAPE_ERROR:'\W' [3, 540]
ID:abc123 [3, 544]
DOT:. [3, 550]
BAD_ESCAPE_ERROR:'\X' [3, 551]
FLOATLITERAL:.123 [3, 555]
ID:abc [3, 559]
BAD_ESCAPE_ERROR:'\Y' [3, 562]
INTLITERAL:123 [3, 566]
ID:abc [3, 569]
FLOATLITERAL:.123 [3, 572]
ID:abc [3, 576]
BAD_ESCAPE_ERROR:'\Z' [3, 579]
ID:abc123 [3, 583]
FLOATLITERAL:.123 [3, 589]
ID:abc [3, 593]
BAD_ESCAPE_ERROR:'\ ' [3, 596]
ID:abc123 [3, 600]
DOT:. [3, 606]
ID:abc123 [3, 607]
BAD_ESCAPE_ERROR:'\!' [3, 613]
DOT:. [3, 617]
DOT:. [3, 618]
CHARLITERAL:'\"' [3, 619]
FLOATLITERAL:123. [3, 623]
FLOATLITERAL:.123 [3, 627]
BAD_ESCAPE_ERROR:'\#' [3, 631]
DOT:. [3, 635]
FLOATLITERAL:.123 [3, 636]
BAD_ESCAPE_ERROR:'\$' [3, 640]
FLOATLITERAL:123. [3, 644]
DOT:. [3, 648]
BAD_ESCAPE_ERROR:'\%' [3, 649]
FLOATLITERAL:123. [3, 653]
FLOATLITERAL:.123 [3, 657]
BAD_ESCAPE_ERROR:'\&' [3, 661]
ELLIPSES:... [3, 665]
CHARLITERAL:'\'' [3, 668]
ELLIPSES:... [3, 672]
INTLITERAL:123 [3, 675]
BAD_ESCAPE_ERROR:'\(' [3, 678]
FLOATLITERAL:123. [3, 682]
DOT:. [3, 686]
DOT:. [3, 687]
BAD_ESCAPE_ERROR:'\)' [3, 688]
FLOATLITERAL:123. [3, 692]
DOT:. [3, 696]
FLOATLITERAL:.123 [3, 697]
BAD_ESCAPE_ERROR:'\*' [3, 701]
ELLIPSES:... [3, 705]
DOT:. [3, 708]
BAD_ESCAPE_ERROR:'\+' [3, 709]
FLOATLITERAL:123. [3, 713]
ELLIPSES:... [3, 717]
BAD_ESCAPE_ERROR:'\,' [3, 720]
ELLIPSES:... [3, 724]
FLOATLITERAL:.123 [3, 727]
BAD_ESCAPE_ERROR:'\-' [3, 731]
FLOATLITERAL:123. [3, 735]
ELLIPSES:... [3, 739]
INTLITERAL:123 [3, 742]
BAD_ESCAPE_ERROR:'\.' [3, 745]
DASH:- [3, 749]
BAD_ESCAPE_ERROR:'\/' [3, 750]
BAD_ESCAPE_ERROR:'\1' [3, 754]
BAD_ESCAPE_ERROR:'\2' [3, 758]
BAD_ESCAPE_ERROR:'\3' [3, 762]
BAD_ESCAPE_ERROR:'\4' [3, 766]
BAD_ESCAPE_ERROR:'\5' [3, 770]
BAD_ESCAPE_ERROR:'\6' [3, 774]
BAD_ESCAPE_ERROR:'\7' [3, 778]
BAD_ESCAPE_ERROR:'\8' [3, 782]
BAD_ESCAPE_ERROR:'\9' [3, 786]
BAD_ESCAPE_ERROR:'\:' [3, 790]
BAD_ESCAPE_ERROR:'\;' [3, 794]
ARROW:-> [3, 798]
POSTDEC:-- [3, 800]
GREATER:> [3, 802]
POSTDEC:-- [3, 803]
ARROW:-> [3, 805]
POSTDEC:-- [3, 807]
POSTDEC:-- [3, 809]
GREATER:> [3, 811]
POSTDEC:-- [3, 812]
POSTDEC:-- [3, 814]
ARROW:-> [3, 816]
BAD_ESCAPE_ERROR:'\<' [3, 818]
ARROW:-> [3, 822]
ARROW:-> [3, 824]
GREATER:> [3, 826]
ARROW:-> [3, 827]
RSHIFT:>> [3, 829]
ARROW:-> [3, 831]
RSHIFT:>> [3, 833]
GREATER:> [3, 835]
ARROW:-> [3, 836]
RSHIFT:>> [3, 838]
GREATER:> [3, 840]
BAD_ESCAPE_ERROR:'\=' [3, 841]
ARROW:-> [3, 845]
RSHIFT:>> [3, 847]
RSHIFT_ASSIGN:>>= [3, 849]
ARROW:-> [3, 852]
RSHIFT:>> [3, 854]
GREATEREQ:>= [3, 856]
GREATER:> [3, 858]
ARROW:-> [3, 859]
RSHIFT_ASSIGN:>>= [3, 861]
RSHIFT:>> [3, 864]
ARROW:-> [3, 866]
GREATEREQ:>= [3, 868]
RSHIFT:>> [3, 870]
GREATER:> [3, 872]
ARROW:-> [3, 873]
ASSIGN:= [3, 875]
RSHIFT:>> [3, 876]
RSHIFT:>> [3, 878]
BAD_ESCAPE_ERROR:'\>' [3, 880]
ARROW:-> [3, 884]
GREATEREQ:>= [3, 886]
RSHIFT:>> [3, 888]
RSHIFT:>> [3, 890]
GREATEREQ:>= [3, 892]
ARROW:-> [3, 894]
GREATEREQ:>= [3, 896]
RSHIFT:>> [3, 898]
RSHIFT_ASSIGN:>>= [3, 900]
GREATER:> [3, 903]
ARROW:-> [3, 904]
GREATEREQ:>= [3, 906]
RSHIFT:>> [3, 908]
GREATEREQ:>= [3, 910]
RSHIFT:>> [3, 912]
ARROW:-> [3, 914]
GREATEREQ:>= [3, 916]
RSHIFT_ASSIGN:>>= [3, 918]
RSHIFT:>> [3, 921]
GREATER:> [3, 923]
ARROW:-> [3, 924]
GREATEREQ:>= [3, 926]
GREATEREQ:>= [3, 928]
RSHIFT:>> [3, 930]
RSHIFT:>> [3, 932]
ARROW:-> [3, 934]
RSHIFT_ASSIGN:>>= [3, 936]
RSHIFT:>> [3, 939]
RSHIFT_ASSIGN:>>= [3, 941]
ARROW:-> [3, 944]
RSHIFT_ASSIGN:>>= [3, 946]
RSHIFT:>> [3, 949]
GREATEREQ:>= [3, 951]
GREATER:> [3, 953]
ARROW:-> [3, 954]
RSHIFT_ASSIGN:>>= [3, 956]
RSHIFT_ASSIGN:>>= [3, 959]
RSHIFT:>> [3, 962]
ARROW:-> [3, 964]
RSHIFT_ASSIGN:>>= [3, 966]
GREATEREQ:>= [3, 969]
RSHIFT:>> [3, 971]
GREATER:> [3, 973]
ARROW:-> [3, 974]
RSHIFT_ASSIGN:>>= [3, 976]
ASSIGN:= [3, 979]
RSHIFT:>> [3, 980]
RSHIFT:>> [3, 982]
ARROW:-> [3, 984]
RSHIFT:>> [3, 986]
GREATEREQ:>= [3, 988]
RSHIFT:>> [3, 990]
GREATEREQ:>= [3, 992]
ARROW:-> [3, 994]
RSHIFT:>> [3, 996]
GREATEREQ:>= [3, 998]
RSHIFT_ASSIGN:>>= [3, 1000]
GREATER:> [3, 1003]
ARROW:-> [3, 1004]
RSHIFT:>> [3, 1006]
GREATEREQ:>= [3, 1008]
GREATEREQ:>= [3, 1010]
RSHIFT:>> [3, 1012]
ARROW:-> [3, 1014]
RSHIFT:>> [3, 1016]
GREATEREQ:>= [3, 1018]
ASSIGN:= [3, 1020]
RSHIFT:>> [3, 1021]
GREATER:> [3, 1023]
ARROW:-> [3, 1024]
ASSIGN:= [3, 1026]
RSHIFT:>> [3, 1027]
GREATEREQ:>= [3, 1029]
RSHIFT:>> [3, 1031]
GREATER:> [3, 1033]
ARROW:-> [3, 1034]
RSHIFT:>> [3, 1036]
RSHIFT:>> [3, 1038]
GREATEREQ:>= [3, 1040]
GREATEREQ:>= [3, 1042]
ARROW:-> [3, 1044]
RSHIFT:>> [3, 1046]
RSHIFT:>> [3, 1048]
GREATEREQ:>= [3, 1050]
ASSIGN:= [3, 1052]
GREATER:> [3, 1053]
ARROW:-> [3, 1054]
RSHIFT_ASSIGN:>>= [3, 1056]
RSHIFT:>> [3, 1059]
GREATEREQ:>= [3, 1061]
GREATER:> [3, 1063]
ARROW:-> [3, 1064]
GREATEREQ:>= [3, 1066]
RSHIFT:>> [3, 1068]
RSHIFT_ASSIGN:>>= [3, 1070]
GREATER:> [3, 1073]
ARROW:-> [3, 1074]
ASSIGN:= [3, 1076]
RSHIFT:>> [3, 1077]
RSHIFT:>> [3, 1079]
GREATEREQ:>= [3, 1081]
GREATER:> [3, 1083]
ARROW:-> [3, 1084]
RSHIFT:>> [3, 1086]
RSHIFT_ASSIGN:>>= [3, 1088]
RSHIFT_ASSIGN:>>= [3, 1091]
ARROW:-> [3, 1094]
RSHIFT:>> [3, 1096]
GREATEREQ:>= [3, 1098]
RSHIFT:>> [3, 1100]
GREATEREQ:>= [3, 1102]
ARROW:-> [3, 1104]
RSHIFT_ASSIGN:>>= [3, 1106]
RSHIFT:>> [3, 1109]
RSHIFT_ASSIGN:>>= [3, 1111]
ARROW:-> [3, 1114]
GREATEREQ:>= [3, 1116]
RSHIFT:>> [3, 1118]
RSHIFT:>> [3, 1120]
GREATEREQ:>= [3, 1122]
ARROW:-> [3, 1124]
ASSIGN:= [3, 1126]
RSHIFT:>> [3, 1127]
RSHIFT:>> [3, 1129]
RSHIFT_ASSIGN:>>= [3, 1131]
CHARLITERAL:'\?' [3, 1134]
CROSS_ASSIGN:+= [3, 1138]
POSTINC:++ [3, 1140]
ASSIGN:= [3, 1142]
POSTINC:++ [3, 1143]
CROSS_ASSIGN:+= [3, 1145]
POSTINC:++ [3, 1147]
POSTINC:++ [3, 1149]
ASSIGN:= [3, 1151]
POSTINC:++ [3, 1152]
POSTINC:++ [3, 1154]
CROSS_ASSIGN:+= [3, 1156]
BAD_ESCAPE_ERROR:'\@' [3, 1158]
DASH_ASSIGN:-= [3, 1162]
POSTDEC:-- [3, 1164]
ASSIGN:= [3, 1166]
POSTDEC:-- [3, 1167]
DASH_ASSIGN:-= [3, 1169]
POSTDEC:-- [3, 1171]
POSTDEC:-- [3, 1173]
ASSIGN:= [3, 1175]
POSTDEC:-- [3, 1176]
POSTDEC:-- [3, 1178]
DASH_ASSIGN:-= [3, 1180]
BAD_ESCAPE_ERROR:'\[' [3, 1182]
AMPERSAND_ASSIGN:&= [3, 1186]
AND:&& [3, 1188]
ASSIGN:= [3, 1190]
AND:&& [3, 1191]
AMPERSAND_ASSIGN:&= [3, 1193]
AND:&& [3, 1195]
AND:&& [3, 1197]
ASSIGN:= [3, 1199]
AND:&& [3, 1200]
AND:&& [3, 1202]
AMPERSAND_ASSIGN:&= [3, 1204]
BAD_ESCAPE_ERROR:'\]' [3, 1206]
STAR_ASSIGN:*= [3, 1210]
STAR:* [3, 1212]
STAR_ASSIGN:*= [3, 1213]
STAR:* [3, 1215]
STAR:* [3, 1216]
STAR_ASSIGN:*= [3, 1217]
BAD_ESCAPE_ERROR:'\^' [3, 1219]
NOTEQUALS:!= [3, 1223]
NOT:! [3, 1225]
NOTEQUALS:!= [3, 1226]
NOT:! [3, 1228]
NOT:! [3, 1229]
NOTEQUALS:!= [3, 1230]
BAD_ESCAPE_ERROR:'\_' [3, 1232]
SLASH_ASSIGN:/= [3, 1236]
SLASH:/ [3, 1238]
SLASH_ASSIGN:/= [3, 1239]
SLASH:/ [3, 1241]
SLASH:/ [3, 1242]
SLASH_ASSIGN:/= [3, 1243]
BAD_ESCAPE_ERROR:'\`' [3, 1245]
PERCENT_ASSIGN:%= [3, 1249]
PERCENT:% [3, 1251]
PERCENT_ASSIGN:%= [3, 1252]
PERCENT:% [3, 1254]
PERCENT:% [3, 1255]
PERCENT_ASSIGN:%= [3, 1256]
BAD_ESCAPE_ERROR:'\{' [3, 1258]
LESSEQ:<= [3, 1262]
LSHIFT_ASSIGN:<<= [3, 1264]
LSHIFT:<< [3, 1267]
LESSEQ:<= [3, 1269]
LSHIFT:<< [3, 1271]
LSHIFT_ASSIGN:<<= [3, 1273]
LSHIFT:<< [3, 1276]
LSHIFT:<< [3, 1278]
LESSEQ:<= [3, 1280]
LSHIFT:<< [3, 1282]
LSHIFT:<< [3, 1284]
LSHIFT_ASSIGN:<<= [3, 1286]
BAD_ESCAPE_ERROR:'\|' [3, 1289]
GREATEREQ:>= [3, 1293]
RSHIFT_ASSIGN:>>= [3, 1295]
RSHIFT:>> [3, 1298]
GREATEREQ:>= [3, 1300]
RSHIFT:>> [3, 1302]
RSHIFT_ASSIGN:>>= [3, 1304]
RSHIFT:>> [3, 1307]
RSHIFT:>> [3, 1309]
GREATEREQ:>= [3, 1311]
RSHIFT:>> [3, 1313]
RSHIFT:>> [3, 1315]
RSHIFT_ASSIGN:>>= [3, 1317]
BAD_ESCAPE_ERROR:'\}' [3, 1320]
LESSEQ:<= [3, 1324]
LSHIFT_ASSIGN:<<= [3, 1326]
LSHIFT:<< [3, 1329]
LESSEQ:<= [3, 1331]
LSHIFT:<< [3, 1333]
LESSEQ:<= [3, 1335]
ASSIGN:= [3, 1337]
LESSEQ:<= [3, 1338]
ASSIGN:= [3, 1340]
LSHIFT_ASSIGN:<<= [3, 1341]
ASSIGN:= [3, 1344]
LSHIFT:<< [3, 1345]
LESSEQ:<= [3, 1347]
ASSIGN:= [3, 1349]
LSHIFT:<< [3, 1350]
LSHIFT_ASSIGN:<<= [3, 1352]
ASSIGN:= [3, 1355]
BAD_ESCAPE_ERROR:'\~' [3, 1356]
LESSEQ:<= [3, 1360]
LSHIFT_ASSIGN:<<= [3, 1362]
LSHIFT:<< [3, 1365]
LESSEQ:<= [3, 1367]
UNTERMINATED_DOUBLE_QUOTE_ERROR:" [3, 1369]
WHITESPACE:
 [3, 1370]
LESSEQ:<= [4, 1]
LESSEQ:<= [4, 3]
ASSIGN:= [4, 5]
LESSEQ:<= [4, 6]
EQUALS:== [4, 8]
LESSEQ:<= [4, 10]
EQUALS:== [4, 12]
ASSIGN:= [4, 14]
STRINGLITERAL:"" [4, 15]
STRINGLITERAL:">=>>=>>>=" [4, 17]
UNDEFINED_TOKEN_ERROR:\ [4, 28]
WHITESPACE:  [4, 29]
STRINGLITERAL:">=>==>===>====" [4, 30]
ID:a [4, 46]
UNDEFINED_TOKEN_ERROR:\ [4, 47]
NOT:! [4, 48]
STRINGLITERAL:"===!===*===/===%===+===-===<<===>>===&===^===|===!====*====/====%====+====-====<<====>>====&====^====|====!=====*=====/=====%=====+=====-=====<<=====>>=====&=====^=====|=====" [4, 49]
ID:a [4, 225]
UNDEFINED_TOKEN_ERROR:\ [4, 226]
UNDEFINED_TOKEN_ERROR:# [4, 227]
ID:b [4, 228]
STRINGLITERAL:"!=!==!===" [4, 229]
ID:a [4, 240]
UNDEFINED_TOKEN_ERROR:\ [4, 241]
UNDEFINED_TOKEN_ERROR:$ [4, 242]
ID:b [4, 243]
UNDEFINED_TOKEN_ERROR:\ [4, 244]
AMPERSAND:& [4, 245]
STRINGLITERAL:"^=^^=^^^=" [4, 246]
ID:a [4, 257]
UNDEFINED_TOKEN_ERROR:\ [4, 258]
UNTERMINATED_SINGLE_QUOTE_ERROR:' [4, 259]
ID:b [4, 260]
UNDEFINED_TOKEN_ERROR:\ [4, 261]
LPAREN:( [4, 262]
ID:c [4, 263]
STRINGLITERAL:"|=||=|||=||||=|||||=" [4, 264]
UNDEFINED_TOKEN_ERROR:\ [4, 286]
RPAREN:) [4, 287]
ID:a [4, 288]
STRINGLITERAL:"*==/==%==+==-==<<==>>==&==^==|==" [4, 289]
UNDEFINED_TOKEN_ERROR:\ [4, 323]
STAR:* [4, 324]
ID:a [4, 325]
UNDEFINED_TOKEN_ERROR:\ [4, 326]
CROSS:+ [4, 327]
STRINGLITERAL:"" [4, 328]
UNDEFINED_TOKEN_ERROR:\ [4, 330]
COMMA:, [4, 331]
ID:a [4, 332]
UNDEFINED_TOKEN_ERROR:\ [4, 333]
DASH:- [4, 334]
ID:b [4, 335]
STRINGLITERAL:"" [4, 336]
UNDEFINED_TOKEN_ERROR:\ [4, 338]
DOT:. [4, 339]
ID:a [4, 340]
UNDEFINED_TOKEN_ERROR:\ [4, 341]
SLASH:/ [4, 342]
ID:b [4, 343]
UNDEFINED_TOKEN_ERROR:\ [4, 344]
INTLITERAL:1 [4, 345]
STRINGLITERAL:"  " [4, 346]
UNDEFINED_TOKEN_ERROR:\ [4, 350]
INTLITERAL:2 [4, 351]
UNTERMINATED_DOUBLE_QUOTE_ERROR:" [4, 352]
WHITESPACE: 
 [4, 353]
STRINGLITERAL:"\3" [5, 1]
WHITESPACE: 	 [5, 5]
STRINGLITERAL:"\4" [5, 7]
WHITESPACE: 
 [5, 11]
STRINGLITERAL:"\5" [6, 1]
WHITESPACE:	  [6, 5]
STRINGLITERAL:"\6" [6, 7]
WHITESPACE:	
 [6, 11]
STRINGLITERAL:"\7" [7, 1]
WHITESPACE:
  [7, 5]
STRINGLITERAL:"\8" [8, 2]
WHITESPACE:
	 [8, 6]
STRINGLITERAL:"\9" [9, 2]
WHITESPACE: 
	 [9, 6]
STRINGLITERAL:"\:" [10, 2]
WHITESPACE: 	
 [10, 6]
STRINGLITERAL:"\<" [11, 1]
WHITESPACE:	 
 [11, 5]
STRINGLITERAL:"\=" [12, 1]
WHITESPACE:	
  [12, 5]
STRINGLITERAL:"\>" [13, 2]
WHITESPACE:
 	 [13, 6]
STRINGLITERAL:"\@" [14, 3]
WHITESPACE:
	  [14, 7]
STRINGLITERAL:"\A" [15, 3]
WHITESPACE: 	
  [15, 7]
STRINGLITERAL:"\B" [16, 2]
WHITESPACE: 
	  [16, 6]
STRINGLITERAL:"\C" [17, 3]
WHITESPACE:	 
	 [17, 7]
STRINGLITERAL:"\D" [18, 2]
WHITESPACE:	
 	 [18, 6]
STRINGLITERAL:"\E" [19, 3]
WHITESPACE:
 	
 [19, 7]
STRINGLITERAL:"\F" [21, 1]
WHITESPACE:
	 
 [21, 5]
STRINGLITERAL:"\G" [23, 1]
WHITESPACE:  [23, 5]
STRINGLITERAL:"\H" [23, 6]
WHITESPACE:  [23, 10]
STRINGLITERAL:"\I" [23, 11]
WHITESPACE:  [23, 15]
STRINGLITERAL:"\J" [23, 16]
WHITESPACE:  [23, 20]
STRINGLITERAL:"\K" [23, 21]
WHITESPACE:  [23, 25]
STRINGLITERAL:"\L" [23, 26]
WHITESPACE:  [23, 30]
STRINGLITERAL:"\M" [23, 31]
WHITESPACE:  [23, 35]
STRINGLITERAL:"\N" [23, 36]
WHITESPACE:  [23, 40]
STRINGLITERAL:"\O" [23, 41]
WHITESPACE:  [23, 45]
STRINGLITERAL:"\P" [23, 46]
WHITESPACE:  [23, 50]
STRINGLITERAL:"\Q" [23, 51]
WHITESPACE:  [23, 55]
STRINGLITERAL:"\R" [23, 56]
WHITESPACE:  [23, 60]
STRINGLITERAL:"\S" [23, 61]
WHITESPACE:  [23, 65]
STRINGLITERAL:"\T" [23, 66]
WHITESPACE:  [23, 70]
STRINGLITERAL:"\U" [23, 71]
WHITESPACE:  [23, 75]
STRINGLITERAL:"\V" [23, 76]
WHITESPACE:  [23, 80]
STRINGLITERAL:"\W" [23, 81]
WHITESPACE:  [23, 85]
STRINGLITERAL:"\X" [23, 86]
WHITESPACE:  [23, 90]
STRINGLITERAL:"\Y" [23, 91]
WHITESPACE:  [23, 95]
STRINGLITERAL:"\Z" [23, 96]
WHITESPACE:  [23, 100]
STRINGLITERAL:"\[" [23, 101]
WHITESPACE:  [23, 105]
STRINGLITERAL:"\^" [23, 106]
WHITESPACE:  [23, 110]
STRINGLITERAL:"\]" [23, 111]
WHITESPACE:  [23, 115]
STRINGLITERAL:"\_" [23, 116]
WHITESPACE:  [23, 120]
STRINGLITERAL:"\`" [23, 121]
WHITESPACE:  [23, 125]
STRINGLITERAL:"\c" [23, 126]
WHITESPACE:  [23, 130]
STRINGLITERAL:"\d" [23, 131]
WHITESPACE:  [23, 135]
STRINGLITERAL:"\e" [23, 136]
WHITESPACE:  [23, 140]
STRINGLITERAL:"\g" [23, 141]
WHITESPACE:  [23, 145]
STRINGLITERAL:"\h" [23, 146]
WHITESPACE:  [23, 150]
STRINGLITERAL:"\i" [23, 151]
WHITESPACE:  [23, 155]
STRINGLITERAL:"\j" [23, 156]
WHITESPACE:  [23, 160]
STRINGLITERAL:"\k" [23, 161]
WHITESPACE:  [23, 165]
STRINGLITERAL:"\l" [23, 166]
WHITESPACE:  [23, 170]
STRINGLITERAL:"\m" [23, 171]
WHITESPACE:  [23, 175]
STRINGLITERAL:"\o" [23, 176]
WHITESPACE:  [23, 180]
STRINGLITERAL:"\p" [23, 181]
WHITESPACE:  [23, 185]
STRINGLITERAL:"\q" [23, 186]
WHITESPACE:  [23, 190]
STRINGLITERAL:"\s" [23, 191]
WHITESPACE:  [23, 195]
STRINGLITERAL:"\u" [23, 196]
WHITESPACE:  [23, 200]
STRINGLITERAL:"\w" [23, 201]
WHITESPACE:  [23, 205]
STRINGLITERAL:"\x" [23, 206]
WHITESPACE:  [23, 210]
STRINGLITERAL:"\y" [23, 211]
WHITESPACE:  [23, 215]
STRINGLITERAL:"\z" [23, 216]
WHITESPACE:  [23, 220]
STRINGLITERAL:"\{" [23, 221]
WHITESPACE:  [23, 225]
STRINGLITERAL:"\|" [23, 226]
WHITESPACE:  [23, 230]
STRINGLITERAL:"\}" [23, 231]
WHITESPACE:  [23, 235]
STRINGLITERAL:"\~" [23, 236]
WHITESPACE:  [23, 240]
STRINGLITERAL:"" [23, 241]
WHITESPACE:  [23, 243]
STRINGLITERAL:" !\"#$%&'\'()*+,-./0123456789:;<=>?\?@ABCDEFGHIJKLMNOPQRSTUVWXYZ[\\]^_`a\ab\bcdef\fghijklmn\nopqr\rst\tuv\vwxyz{|}~" [23, 244]
WHITESPACE:
 [23, 361]
